
acorn@acorn-PC MINGW64 ~
$ mkdir git_rep

acorn@acorn-PC MINGW64 ~
$ ls
 AppData/
'Application Data'@
 Contacts/
 Cookies@
 Desktop/
 Documents/
 Downloads/
 Dropbox/
 Favorites/
 git_rep/
 Links/
'Local Settings'@
 Music/
'My Documents'@
 NetHood@
 NTUSER.DAT
 ntuser.dat.LOG1
 ntuser.dat.LOG2
 NTUSER.DAT{016888bd-6c6f-11de-8d1d-001e0bcde3ec}.TM.blf
 NTUSER.DAT{016888bd-6c6f-11de-8d1d-001e0bcde3ec}.TMContainer00000000000000000001.regtrans-ms
 NTUSER.DAT{016888bd-6c6f-11de-8d1d-001e0bcde3ec}.TMContainer00000000000000000002.regtrans-ms
 ntuser.ini
 Pictures/
 PrintHood@
 Recent@
'Saved Games'/
 Searches/
 SendTo@
 Templates@
 Videos/
'시작 메뉴'@

acorn@acorn-PC MINGW64 ~
$ cd git_rep

acorn@acorn-PC MINGW64 ~/git_rep
$ pwd
/c/Users/acorn/git_rep

acorn@acorn-PC MINGW64 ~/git_rep
$ mkdir HelloProject

acorn@acorn-PC MINGW64 ~/git_rep
$ pwd
/c/Users/acorn/git_rep

acorn@acorn-PC MINGW64 ~/git_rep
$ cd HelloPreject
bash: cd: HelloPreject: No such file or directory

acorn@acorn-PC MINGW64 ~/git_rep
$ cd HelloProject

acorn@acorn-PC MINGW64 ~/git_rep/HelloProject
$ pwd
/c/Users/acorn/git_rep/HelloProject

acorn@acorn-PC MINGW64 ~/git_rep/HelloProject
$ ls

acorn@acorn-PC MINGW64 ~/git_rep/HelloProject
$ cd ..

acorn@acorn-PC MINGW64 ~/git_rep
$ pwd
/c/Users/acorn/git_rep

acorn@acorn-PC MINGW64 ~/git_rep
$ cd HelloProject

acorn@acorn-PC MINGW64 ~/git_rep/HelloProject
$ git init
Initialized empty Git repository in C:/Users/acorn/git_rep/HelloProject/.git/

acorn@acorn-PC MINGW64 ~/git_rep/HelloProject (master)
$ ls -alt
total 4
drwxr-xr-x 1 acorn 197121 0 11월 20 14:53 .git/
drwxr-xr-x 1 acorn 197121 0 11월 20 14:53 ./
drwxr-xr-x 1 acorn 197121 0 11월 20 14:52 ../

acorn@acorn-PC MINGW64 ~/git_rep/HelloProject (master)
$ rm -rf .git/

acorn@acorn-PC MINGW64 ~/git_rep/HelloProject
$ git init
Initialized empty Git repository in C:/Users/acorn/git_rep/HelloProject/.git/

acorn@acorn-PC MINGW64 ~/git_rep/HelloProject (master)
$ ls
ForDemo.java

acorn@acorn-PC MINGW64 ~/git_rep/HelloProject (master)
$ git status
On branch master

No commits yet

Untracked files:
  (use "git add <file>..." to include in what will be committed)
        ForDemo.java

nothing added to commit but untracked files present (use "git add" to track)

acorn@acorn-PC MINGW64 ~/git_rep/HelloProject (master)
$ git add .

acorn@acorn-PC MINGW64 ~/git_rep/HelloProject (master)
$ git status
On branch master

No commits yet

Changes to be committed:
  (use "git rm --cached <file>..." to unstage)
        new file:   ForDemo.java


acorn@acorn-PC MINGW64 ~/git_rep/HelloProject (master)
$ git commit -m "20191120-v1"

*** Please tell me who you are.

Run

  git config --global user.email "you@example.com"
  git config --global user.name "Your Name"

to set your account's default identity.
Omit --global to set the identity only in this repository.

fatal: unable to auto-detect email address (got 'acorn@acorn-PC.(none)')

acorn@acorn-PC MINGW64 ~/git_rep/HelloProject (master)
$ git config --global user.email "sbskh11@gmail.com"

acorn@acorn-PC MINGW64 ~/git_rep/HelloProject (master)
$ git config --global user.name "bong199119"

acorn@acorn-PC MINGW64 ~/git_rep/HelloProject (master)
$ git commit -m "20191120-v1"
[master (root-commit) 12c3582] 20191120-v1
 1 file changed, 139 insertions(+)
 create mode 100644 ForDemo.java

acorn@acorn-PC MINGW64 ~/git_rep/HelloProject (master)
$ ^C

acorn@acorn-PC MINGW64 ~/git_rep/HelloProject (master)
$ git push origin +master
fatal: 'origin' does not appear to be a git repository
fatal: Could not read from remote repository.

Please make sure you have the correct access rights
and the repository exists.

acorn@acorn-PC MINGW64 ~/git_rep/HelloProject (master)
$ git remote add origin https://github.com/bong199119/bong.git

acorn@acorn-PC MINGW64 ~/git_rep/HelloProject (master)
$ git push -u origin master
Enumerating objects: 3, done.
Counting objects: 100% (3/3), done.
Delta compression using up to 4 threads
Compressing objects: 100% (2/2), done.
Writing objects: 100% (3/3), 884 bytes | 884.00 KiB/s, done.
Total 3 (delta 0), reused 0 (delta 0)
To https://github.com/bong199119/bong.git
 * [new branch]      master -> master
Branch 'master' set up to track remote branch 'master' from 'origin'.

acorn@acorn-PC MINGW64 ~/git_rep/HelloProject (master)
$ git remote add origin https://github.com/bong199119/bong.git
fatal: remote origin already exists.

acorn@acorn-PC MINGW64 ~/git_rep/HelloProject (master)
$ ^C

acorn@acorn-PC MINGW64 ~/git_rep/HelloProject (master)
$ git pull origin master
remote: Enumerating objects: 5, done.
remote: Counting objects: 100% (5/5), done.
remote: Compressing objects: 100% (2/2), done.
remote: Total 3 (delta 1), reused 0 (delta 0), pack-reused 0
Unpacking objects: 100% (3/3), done.
From https://github.com/bong199119/bong
 * branch            master     -> FETCH_HEAD
   12c3582..52d27a9  master     -> origin/master
Updating 12c3582..52d27a9
Fast-forward
 ForDemo.java | 2 +-
 1 file changed, 1 insertion(+), 1 deletion(-)

acorn@acorn-PC MINGW64 ~/git_rep/HelloProject (master)
$ ls
ForDemo.java

acorn@acorn-PC MINGW64 ~/git_rep/HelloProject (master)
$ pwd
/c/Users/acorn/git_rep/HelloProject

acorn@acorn-PC MINGW64 ~/git_rep/HelloProject (master)
$ git status
On branch master
Your branch is up to date with 'origin/master'.

Changes not staged for commit:
  (use "git add <file>..." to update what will be committed)
  (use "git restore <file>..." to discard changes in working directory)
        modified:   ForDemo.java

no changes added to commit (use "git add" and/or "git commit -a")

acorn@acorn-PC MINGW64 ~/git_rep/HelloProject (master)
$ git add .

acorn@acorn-PC MINGW64 ~/git_rep/HelloProject (master)
$ git commit -m "20191120"
[master d684d08] 20191120
 1 file changed, 3 insertions(+), 2 deletions(-)

acorn@acorn-PC MINGW64 ~/git_rep/HelloProject (master)
$ git push -u origin master
Enumerating objects: 5, done.
Counting objects: 100% (5/5), done.
Delta compression using up to 4 threads
Compressing objects: 100% (2/2), done.
Writing objects: 100% (3/3), 304 bytes | 304.00 KiB/s, done.
Total 3 (delta 1), reused 0 (delta 0)
remote: Resolving deltas: 100% (1/1), completed with 1 local object.
To https://github.com/bong199119/bong.git
   52d27a9..d684d08  master -> master
Branch 'master' set up to track remote branch 'master' from 'origin'.

acorn@acorn-PC MINGW64 ~/git_rep/HelloProject (master)
$
